16:13:13 **** Incremental Build of configuration Debug for project 02 Uart DMA ****
make -j16 all 
arm-none-eabi-gcc "../Core/Src/main.c" -mcpu=cortex-m4 -std=gnu11 -g3 -DDEBUG -DUSE_HAL_DRIVER -DSTM32G431xx -c -I../Core/Inc -I../Drivers/STM32G4xx_HAL_Driver/Inc -I../Drivers/STM32G4xx_HAL_Driver/Inc/Legacy -I../Drivers/CMSIS/Device/ST/STM32G4xx/Include -I../Drivers/CMSIS/Include -O0 -ffunction-sections -fdata-sections -Wall -fstack-usage -fcyclomatic-complexity -MMD -MP -MF"Core/Src/main.d" -MT"Core/Src/main.o" --specs=nano.specs -mfpu=fpv4-sp-d16 -mfloat-abi=hard -mthumb -o "Core/Src/main.o"
arm-none-eabi-gcc -o "02 Uart DMA.elf" @"objects.list"   -mcpu=cortex-m4 -T"C:\Users\polyn\STM32CubeIDE\workspace_2.1.1\02 Uart DMA\STM32G431CBUX_FLASH.ld" --specs=nosys.specs -Wl,-Map="02 Uart DMA.map" -Wl,--gc-sections -static --specs=nano.specs -mfpu=fpv4-sp-d16 -mfloat-abi=hard -mthumb -Wl,--start-group -lc -lm -Wl,--end-group
Finished building target: 02 Uart DMA.elf
 
arm-none-eabi-size  02\ Uart\ DMA.elf 
arm-none-eabi-objdump -h -S 02\ Uart\ DMA.elf  > "02 Uart DMA.list"
   text	   data	    bss	    dec	    hex	filename
  21608	     92	   3564	  25264	   62b0	02 Uart DMA.elf
Finished building: default.size.stdout
 
Finished building: 02 Uart DMA.list
 

16:13:15 Build Finished. 0 errors, 0 warnings. (took 1s.314ms)

