17:37:20 **** Incremental Build of configuration Debug for project 03 Timer1 and Timer4 ****
make -j16 all 
arm-none-eabi-gcc "../Core/Src/main.c" -mcpu=cortex-m4 -std=gnu11 -g3 -DDEBUG -DUSE_HAL_DRIVER -DSTM32G431xx -c -I../Core/Inc -I../Drivers/STM32G4xx_HAL_Driver/Inc -I../Drivers/STM32G4xx_HAL_Driver/Inc/Legacy -I../Drivers/CMSIS/Device/ST/STM32G4xx/Include -I../Drivers/CMSIS/Include -O0 -ffunction-sections -fdata-sections -Wall -fstack-usage -fcyclomatic-complexity -MMD -MP -MF"Core/Src/main.d" -MT"Core/Src/main.o" --specs=nano.specs -mfpu=fpv4-sp-d16 -mfloat-abi=hard -mthumb -o "Core/Src/main.o"
arm-none-eabi-gcc -o "03 Timer1 and Timer4.elf" @"objects.list"   -mcpu=cortex-m4 -T"C:\Users\polyn\STM32CubeIDE\workspace_2.1.1\03 Timer1 and Timer4\STM32G431CBUX_FLASH.ld" --specs=nosys.specs -Wl,-Map="03 Timer1 and Timer4.map" -Wl,--gc-sections -static --specs=nano.specs -mfpu=fpv4-sp-d16 -mfloat-abi=hard -mthumb -Wl,--start-group -lc -lm -Wl,--end-group
Finished building target: 03 Timer1 and Timer4.elf
 
arm-none-eabi-size  03\ Timer1\ and\ Timer4.elf 
arm-none-eabi-objdump -h -S 03\ Timer1\ and\ Timer4.elf  > "03 Timer1 and Timer4.list"
   text	   data	    bss	    dec	    hex	filename
  28808	     92	   3644	  32544	   7f20	03 Timer1 and Timer4.elf
Finished building: default.size.stdout
 
Finished building: 03 Timer1 and Timer4.list
 

17:37:23 Build Finished. 0 errors, 0 warnings. (took 2s.718ms)

