19:45:01 **** Build of configuration Debug for project 05 AS5047p ****
make -j16 all 
arm-none-eabi-gcc "../Core/Src/main.c" -mcpu=cortex-m4 -std=gnu11 -g3 -DDEBUG -DUSE_HAL_DRIVER -DSTM32G431xx -c -I../Core/Inc -I../Drivers/STM32G4xx_HAL_Driver/Inc -I../Drivers/STM32G4xx_HAL_Driver/Inc/Legacy -I../Drivers/CMSIS/Device/ST/STM32G4xx/Include -I../Drivers/CMSIS/Include -O0 -ffunction-sections -fdata-sections -Wall -fstack-usage -fcyclomatic-complexity -MMD -MP -MF"Core/Src/main.d" -MT"Core/Src/main.o" --specs=nano.specs -mfpu=fpv4-sp-d16 -mfloat-abi=hard -mthumb -o "Core/Src/main.o"
arm-none-eabi-gcc "../Core/Src/sensor.c" -mcpu=cortex-m4 -std=gnu11 -g3 -DDEBUG -DUSE_HAL_DRIVER -DSTM32G431xx -c -I../Core/Inc -I../Drivers/STM32G4xx_HAL_Driver/Inc -I../Drivers/STM32G4xx_HAL_Driver/Inc/Legacy -I../Drivers/CMSIS/Device/ST/STM32G4xx/Include -I../Drivers/CMSIS/Include -O0 -ffunction-sections -fdata-sections -Wall -fstack-usage -fcyclomatic-complexity -MMD -MP -MF"Core/Src/sensor.d" -MT"Core/Src/sensor.o" --specs=nano.specs -mfpu=fpv4-sp-d16 -mfloat-abi=hard -mthumb -o "Core/Src/sensor.o"
arm-none-eabi-gcc -o "05 AS5047p.elf" @"objects.list"   -mcpu=cortex-m4 -T"C:\Users\polyn\STM32CubeIDE\workspace_2.1.1\05 AS5047p\STM32G431CBUX_FLASH.ld" --specs=nosys.specs -Wl,-Map="05 AS5047p.map" -Wl,--gc-sections -static --specs=nano.specs -mfpu=fpv4-sp-d16 -mfloat-abi=hard -mthumb -Wl,--start-group -lc -lm -Wl,--end-group
Finished building target: 05 AS5047p.elf
 
arm-none-eabi-size  05\ AS5047p.elf 
arm-none-eabi-objdump -h -S 05\ AS5047p.elf  > "05 AS5047p.list"
   text	   data	    bss	    dec	    hex	filename
  42252	     92	   4388	  46732	   b68c	05 AS5047p.elf
Finished building: default.size.stdout
 
Finished building: 05 AS5047p.list
 
