10:40:30 **** Incremental Build of configuration Debug for project 06 BLDC_speed ****
make -j16 all 
arm-none-eabi-gcc "../Core/Src/foc.c" -mcpu=cortex-m4 -std=gnu11 -g3 -DDEBUG -DUSE_HAL_DRIVER -DSTM32G431xx -c -I../Core/Inc -I../Drivers/STM32G4xx_HAL_Driver/Inc -I../Drivers/STM32G4xx_HAL_Driver/Inc/Legacy -I../Drivers/CMSIS/Device/ST/STM32G4xx/Include -I../Drivers/CMSIS/Include -Ofast -ffunction-sections -fdata-sections -Wall -fstack-usage -fcyclomatic-complexity -MMD -MP -MF"Core/Src/foc.d" -MT"Core/Src/foc.o" --specs=nano.specs -mfpu=fpv4-sp-d16 -mfloat-abi=hard -mthumb -o "Core/Src/foc.o"
arm-none-eabi-gcc "../Core/Src/main.c" -mcpu=cortex-m4 -std=gnu11 -g3 -DDEBUG -DUSE_HAL_DRIVER -DSTM32G431xx -c -I../Core/Inc -I../Drivers/STM32G4xx_HAL_Driver/Inc -I../Drivers/STM32G4xx_HAL_Driver/Inc/Legacy -I../Drivers/CMSIS/Device/ST/STM32G4xx/Include -I../Drivers/CMSIS/Include -O0 -ffunction-sections -fdata-sections -Wall -fstack-usage -fcyclomatic-complexity -MMD -MP -MF"Core/Src/main.d" -MT"Core/Src/main.o" --specs=nano.specs -mfpu=fpv4-sp-d16 -mfloat-abi=hard -mthumb -o "Core/Src/main.o"
arm-none-eabi-gcc "../Core/Src/sensor.c" -mcpu=cortex-m4 -std=gnu11 -g3 -DDEBUG -DUSE_HAL_DRIVER -DSTM32G431xx -c -I../Core/Inc -I../Drivers/STM32G4xx_HAL_Driver/Inc -I../Drivers/STM32G4xx_HAL_Driver/Inc/Legacy -I../Drivers/CMSIS/Device/ST/STM32G4xx/Include -I../Drivers/CMSIS/Include -O0 -ffunction-sections -fdata-sections -Wall -fstack-usage -fcyclomatic-complexity -MMD -MP -MF"Core/Src/sensor.d" -MT"Core/Src/sensor.o" --specs=nano.specs -mfpu=fpv4-sp-d16 -mfloat-abi=hard -mthumb -o "Core/Src/sensor.o"
arm-none-eabi-gcc -o "06 BLDC_speed.elf" @"objects.list"   -mcpu=cortex-m4 -T"C:\Users\polyn\STM32CubeIDE\workspace_2.1.1\06 BLDC_speed\STM32G431CBUX_FLASH.ld" --specs=nosys.specs -Wl,-Map="06 BLDC_speed.map" -Wl,--gc-sections -static --specs=nano.specs -mfpu=fpv4-sp-d16 -mfloat-abi=hard -mthumb -u _printf_float -Wl,--start-group -lc -lm -Wl,--end-group
Finished building target: 06 BLDC_speed.elf
 
arm-none-eabi-size  06\ BLDC_speed.elf 
arm-none-eabi-objdump -h -S 06\ BLDC_speed.elf  > "06 BLDC_speed.list"
   text	   data	    bss	    dec	    hex	filename
  54780	    476	   4644	  59900	   e9fc	06 BLDC_speed.elf
Finished building: default.size.stdout
 
Finished building: 06 BLDC_speed.list
 
10:40:34 **** Incremental Build of configuration Debug for project 06 BLDC_speed ****
make -j16 all 
arm-none-eabi-size  06\ BLDC_speed.elf 
   text	   data	    bss	    dec	    hex	filename
  54780	    476	   4644	  59900	   e9fc	06 BLDC_speed.elf
Finished building: default.size.stdout
 
11:07:16 **** Incremental Build of configuration Debug for project 06 BLDC_speed ****
make -j16 all 
arm-none-eabi-gcc "../Core/Src/main.c" -mcpu=cortex-m4 -std=gnu11 -g3 -DDEBUG -DUSE_HAL_DRIVER -DSTM32G431xx -c -I../Core/Inc -I../Drivers/STM32G4xx_HAL_Driver/Inc -I../Drivers/STM32G4xx_HAL_Driver/Inc/Legacy -I../Drivers/CMSIS/Device/ST/STM32G4xx/Include -I../Drivers/CMSIS/Include -O0 -ffunction-sections -fdata-sections -Wall -fstack-usage -fcyclomatic-complexity -MMD -MP -MF"Core/Src/main.d" -MT"Core/Src/main.o" --specs=nano.specs -mfpu=fpv4-sp-d16 -mfloat-abi=hard -mthumb -o "Core/Src/main.o"
arm-none-eabi-gcc "../Core/Src/sensor.c" -mcpu=cortex-m4 -std=gnu11 -g3 -DDEBUG -DUSE_HAL_DRIVER -DSTM32G431xx -c -I../Core/Inc -I../Drivers/STM32G4xx_HAL_Driver/Inc -I../Drivers/STM32G4xx_HAL_Driver/Inc/Legacy -I../Drivers/CMSIS/Device/ST/STM32G4xx/Include -I../Drivers/CMSIS/Include -O0 -ffunction-sections -fdata-sections -Wall -fstack-usage -fcyclomatic-complexity -MMD -MP -MF"Core/Src/sensor.d" -MT"Core/Src/sensor.o" --specs=nano.specs -mfpu=fpv4-sp-d16 -mfloat-abi=hard -mthumb -o "Core/Src/sensor.o"
arm-none-eabi-gcc "../Core/Src/stm32g4xx_hal_msp.c" -mcpu=cortex-m4 -std=gnu11 -g3 -DDEBUG -DUSE_HAL_DRIVER -DSTM32G431xx -c -I../Core/Inc -I../Drivers/STM32G4xx_HAL_Driver/Inc -I../Drivers/STM32G4xx_HAL_Driver/Inc/Legacy -I../Drivers/CMSIS/Device/ST/STM32G4xx/Include -I../Drivers/CMSIS/Include -O0 -ffunction-sections -fdata-sections -Wall -fstack-usage -fcyclomatic-complexity -MMD -MP -MF"Core/Src/stm32g4xx_hal_msp.d" -MT"Core/Src/stm32g4xx_hal_msp.o" --specs=nano.specs -mfpu=fpv4-sp-d16 -mfloat-abi=hard -mthumb -o "Core/Src/stm32g4xx_hal_msp.o"
arm-none-eabi-gcc "../Core/Src/stm32g4xx_it.c" -mcpu=cortex-m4 -std=gnu11 -g3 -DDEBUG -DUSE_HAL_DRIVER -DSTM32G431xx -c -I../Core/Inc -I../Drivers/STM32G4xx_HAL_Driver/Inc -I../Drivers/STM32G4xx_HAL_Driver/Inc/Legacy -I../Drivers/CMSIS/Device/ST/STM32G4xx/Include -I../Drivers/CMSIS/Include -O0 -ffunction-sections -fdata-sections -Wall -fstack-usage -fcyclomatic-complexity -MMD -MP -MF"Core/Src/stm32g4xx_it.d" -MT"Core/Src/stm32g4xx_it.o" --specs=nano.specs -mfpu=fpv4-sp-d16 -mfloat-abi=hard -mthumb -o "Core/Src/stm32g4xx_it.o"
arm-none-eabi-gcc -o "06 BLDC_speed.elf" @"objects.list"   -mcpu=cortex-m4 -T"C:\Users\polyn\STM32CubeIDE\workspace_2.1.1\06 BLDC_speed\STM32G431CBUX_FLASH.ld" --specs=nosys.specs -Wl,-Map="06 BLDC_speed.map" -Wl,--gc-sections -static --specs=nano.specs -mfpu=fpv4-sp-d16 -mfloat-abi=hard -mthumb -u _printf_float -Wl,--start-group -lc -lm -Wl,--end-group
Finished building target: 06 BLDC_speed.elf
 
arm-none-eabi-size  06\ BLDC_speed.elf 
arm-none-eabi-objdump -h -S 06\ BLDC_speed.elf  > "06 BLDC_speed.list"
   text	   data	    bss	    dec	    hex	filename
  54732	    476	   4644	  59852	   e9cc	06 BLDC_speed.elf
Finished building: default.size.stdout
 
Finished building: 06 BLDC_speed.list
 
11:09:10 **** Incremental Build of configuration Debug for project 06 BLDC_speed ****
make -j16 all 
arm-none-eabi-gcc "../Core/Src/main.c" -mcpu=cortex-m4 -std=gnu11 -g3 -DDEBUG -DUSE_HAL_DRIVER -DSTM32G431xx -c -I../Core/Inc -I../Drivers/STM32G4xx_HAL_Driver/Inc -I../Drivers/STM32G4xx_HAL_Driver/Inc/Legacy -I../Drivers/CMSIS/Device/ST/STM32G4xx/Include -I../Drivers/CMSIS/Include -O0 -ffunction-sections -fdata-sections -Wall -fstack-usage -fcyclomatic-complexity -MMD -MP -MF"Core/Src/main.d" -MT"Core/Src/main.o" --specs=nano.specs -mfpu=fpv4-sp-d16 -mfloat-abi=hard -mthumb -o "Core/Src/main.o"
arm-none-eabi-gcc -o "06 BLDC_speed.elf" @"objects.list"   -mcpu=cortex-m4 -T"C:\Users\polyn\STM32CubeIDE\workspace_2.1.1\06 BLDC_speed\STM32G431CBUX_FLASH.ld" --specs=nosys.specs -Wl,-Map="06 BLDC_speed.map" -Wl,--gc-sections -static --specs=nano.specs -mfpu=fpv4-sp-d16 -mfloat-abi=hard -mthumb -u _printf_float -Wl,--start-group -lc -lm -Wl,--end-group
Finished building target: 06 BLDC_speed.elf
 
arm-none-eabi-size  06\ BLDC_speed.elf 
arm-none-eabi-objdump -h -S 06\ BLDC_speed.elf  > "06 BLDC_speed.list"
   text	   data	    bss	    dec	    hex	filename
  54732	    476	   4644	  59852	   e9cc	06 BLDC_speed.elf
Finished building: default.size.stdout
 
Finished building: 06 BLDC_speed.list
 
11:10:43 **** Incremental Build of configuration Debug for project 06 BLDC_speed ****
make -j16 all 
arm-none-eabi-gcc "../Core/Src/foc.c" -mcpu=cortex-m4 -std=gnu11 -g3 -DDEBUG -DUSE_HAL_DRIVER -DSTM32G431xx -c -I../Core/Inc -I../Drivers/STM32G4xx_HAL_Driver/Inc -I../Drivers/STM32G4xx_HAL_Driver/Inc/Legacy -I../Drivers/CMSIS/Device/ST/STM32G4xx/Include -I../Drivers/CMSIS/Include -Ofast -ffunction-sections -fdata-sections -Wall -fstack-usage -fcyclomatic-complexity -MMD -MP -MF"Core/Src/foc.d" -MT"Core/Src/foc.o" --specs=nano.specs -mfpu=fpv4-sp-d16 -mfloat-abi=hard -mthumb -o "Core/Src/foc.o"
arm-none-eabi-gcc -o "06 BLDC_speed.elf" @"objects.list"   -mcpu=cortex-m4 -T"C:\Users\polyn\STM32CubeIDE\workspace_2.1.1\06 BLDC_speed\STM32G431CBUX_FLASH.ld" --specs=nosys.specs -Wl,-Map="06 BLDC_speed.map" -Wl,--gc-sections -static --specs=nano.specs -mfpu=fpv4-sp-d16 -mfloat-abi=hard -mthumb -u _printf_float -Wl,--start-group -lc -lm -Wl,--end-group
Finished building target: 06 BLDC_speed.elf
 
arm-none-eabi-size  06\ BLDC_speed.elf 
arm-none-eabi-objdump -h -S 06\ BLDC_speed.elf  > "06 BLDC_speed.list"
   text	   data	    bss	    dec	    hex	filename
  54656	    476	   4644	  59776	   e980	06 BLDC_speed.elf
Finished building: default.size.stdout
 
Finished building: 06 BLDC_speed.list
 
11:13:52 **** Incremental Build of configuration Debug for project 06 BLDC_speed ****
make -j16 all 
arm-none-eabi-gcc "../Core/Src/foc.c" -mcpu=cortex-m4 -std=gnu11 -g3 -DDEBUG -DUSE_HAL_DRIVER -DSTM32G431xx -c -I../Core/Inc -I../Drivers/STM32G4xx_HAL_Driver/Inc -I../Drivers/STM32G4xx_HAL_Driver/Inc/Legacy -I../Drivers/CMSIS/Device/ST/STM32G4xx/Include -I../Drivers/CMSIS/Include -Ofast -ffunction-sections -fdata-sections -Wall -fstack-usage -fcyclomatic-complexity -MMD -MP -MF"Core/Src/foc.d" -MT"Core/Src/foc.o" --specs=nano.specs -mfpu=fpv4-sp-d16 -mfloat-abi=hard -mthumb -o "Core/Src/foc.o"
arm-none-eabi-gcc -o "06 BLDC_speed.elf" @"objects.list"   -mcpu=cortex-m4 -T"C:\Users\polyn\STM32CubeIDE\workspace_2.1.1\06 BLDC_speed\STM32G431CBUX_FLASH.ld" --specs=nosys.specs -Wl,-Map="06 BLDC_speed.map" -Wl,--gc-sections -static --specs=nano.specs -mfpu=fpv4-sp-d16 -mfloat-abi=hard -mthumb -u _printf_float -Wl,--start-group -lc -lm -Wl,--end-group
Finished building target: 06 BLDC_speed.elf
 
arm-none-eabi-size  06\ BLDC_speed.elf 
arm-none-eabi-objdump -h -S 06\ BLDC_speed.elf  > "06 BLDC_speed.list"
   text	   data	    bss	    dec	    hex	filename
  54732	    476	   4644	  59852	   e9cc	06 BLDC_speed.elf
Finished building: default.size.stdout
 
Finished building: 06 BLDC_speed.list
 
11:16:42 **** Incremental Build of configuration Debug for project 06 BLDC_speed ****
make -j16 all 
arm-none-eabi-gcc "../Core/Src/foc.c" -mcpu=cortex-m4 -std=gnu11 -g3 -DDEBUG -DUSE_HAL_DRIVER -DSTM32G431xx -c -I../Core/Inc -I../Drivers/STM32G4xx_HAL_Driver/Inc -I../Drivers/STM32G4xx_HAL_Driver/Inc/Legacy -I../Drivers/CMSIS/Device/ST/STM32G4xx/Include -I../Drivers/CMSIS/Include -Ofast -ffunction-sections -fdata-sections -Wall -fstack-usage -fcyclomatic-complexity -MMD -MP -MF"Core/Src/foc.d" -MT"Core/Src/foc.o" --specs=nano.specs -mfpu=fpv4-sp-d16 -mfloat-abi=hard -mthumb -o "Core/Src/foc.o"
arm-none-eabi-gcc -o "06 BLDC_speed.elf" @"objects.list"   -mcpu=cortex-m4 -T"C:\Users\polyn\STM32CubeIDE\workspace_2.1.1\06 BLDC_speed\STM32G431CBUX_FLASH.ld" --specs=nosys.specs -Wl,-Map="06 BLDC_speed.map" -Wl,--gc-sections -static --specs=nano.specs -mfpu=fpv4-sp-d16 -mfloat-abi=hard -mthumb -u _printf_float -Wl,--start-group -lc -lm -Wl,--end-group
Finished building target: 06 BLDC_speed.elf
 
arm-none-eabi-size  06\ BLDC_speed.elf 
arm-none-eabi-objdump -h -S 06\ BLDC_speed.elf  > "06 BLDC_speed.list"
   text	   data	    bss	    dec	    hex	filename
  54724	    476	   4644	  59844	   e9c4	06 BLDC_speed.elf
Finished building: default.size.stdout
 
Finished building: 06 BLDC_speed.list
 
11:17:41 **** Incremental Build of configuration Debug for project 06 BLDC_speed ****
make -j16 all 
arm-none-eabi-gcc "../Core/Src/foc.c" -mcpu=cortex-m4 -std=gnu11 -g3 -DDEBUG -DUSE_HAL_DRIVER -DSTM32G431xx -c -I../Core/Inc -I../Drivers/STM32G4xx_HAL_Driver/Inc -I../Drivers/STM32G4xx_HAL_Driver/Inc/Legacy -I../Drivers/CMSIS/Device/ST/STM32G4xx/Include -I../Drivers/CMSIS/Include -Ofast -ffunction-sections -fdata-sections -Wall -fstack-usage -fcyclomatic-complexity -MMD -MP -MF"Core/Src/foc.d" -MT"Core/Src/foc.o" --specs=nano.specs -mfpu=fpv4-sp-d16 -mfloat-abi=hard -mthumb -o "Core/Src/foc.o"
arm-none-eabi-gcc -o "06 BLDC_speed.elf" @"objects.list"   -mcpu=cortex-m4 -T"C:\Users\polyn\STM32CubeIDE\workspace_2.1.1\06 BLDC_speed\STM32G431CBUX_FLASH.ld" --specs=nosys.specs -Wl,-Map="06 BLDC_speed.map" -Wl,--gc-sections -static --specs=nano.specs -mfpu=fpv4-sp-d16 -mfloat-abi=hard -mthumb -u _printf_float -Wl,--start-group -lc -lm -Wl,--end-group
Finished building target: 06 BLDC_speed.elf
 
arm-none-eabi-size  06\ BLDC_speed.elf 
arm-none-eabi-objdump -h -S 06\ BLDC_speed.elf  > "06 BLDC_speed.list"
   text	   data	    bss	    dec	    hex	filename
  54724	    476	   4644	  59844	   e9c4	06 BLDC_speed.elf
Finished building: default.size.stdout
 
Finished building: 06 BLDC_speed.list
 
